2026-05-24 17:03:51.547 +03:00 [INF] Executed DbCommand (8ms) [Parameters=[], CommandType='"Text"', CommandTimeout='30']
SELECT COUNT(*) FROM "sqlite_master" WHERE "type" = 'table' AND "rootpage" IS NOT NULL;
2026-05-24 17:03:51.647 +03:00 [INF] Now listening on: http://localhost:5233
2026-05-24 17:03:51.649 +03:00 [INF] Application started. Press Ctrl+C to shut down.
2026-05-24 17:03:51.649 +03:00 [INF] Hosting environment: Development
2026-05-24 17:03:51.650 +03:00 [INF] Content root path: C:\Users\fahre\OneDrive\Рабочий стол\HelpdeskApp\Helpdesk
2026-05-24 17:04:08.693 +03:00 [INF] Request starting HTTP/1.1 GET http://localhost:5233/swagger/index.html - null null
2026-05-24 17:04:08.761 +03:00 [INF] Request finished HTTP/1.1 GET http://localhost:5233/swagger/index.html - 304 null null 69.6307ms
2026-05-24 17:04:08.773 +03:00 [INF] Request starting HTTP/1.1 GET http://localhost:5233/swagger/index.css - null null
2026-05-24 17:04:08.773 +03:00 [INF] Request starting HTTP/1.1 GET http://localhost:5233/swagger/swagger-ui-bundle.js - null null
2026-05-24 17:04:08.773 +03:00 [INF] Request starting HTTP/1.1 GET http://localhost:5233/swagger/swagger-ui.css - null null
2026-05-24 17:04:08.786 +03:00 [INF] Request finished HTTP/1.1 GET http://localhost:5233/swagger/index.css - 304 null null 13.5955ms
2026-05-24 17:04:08.786 +03:00 [INF] Request finished HTTP/1.1 GET http://localhost:5233/swagger/swagger-ui.css - 304 null null 13.9224ms
2026-05-24 17:04:08.787 +03:00 [INF] Request finished HTTP/1.1 GET http://localhost:5233/swagger/swagger-ui-bundle.js - 304 null null 13.9729ms
2026-05-24 17:04:08.803 +03:00 [INF] Request starting HTTP/1.1 GET http://localhost:5233/swagger/swagger-ui-standalone-preset.js - null null
2026-05-24 17:04:08.804 +03:00 [INF] Request starting HTTP/1.1 GET http://localhost:5233/swagger/index.js - null null
2026-05-24 17:04:08.811 +03:00 [INF] Request finished HTTP/1.1 GET http://localhost:5233/swagger/swagger-ui-standalone-preset.js - 304 null null 7.7935ms
2026-05-24 17:04:08.812 +03:00 [INF] Request finished HTTP/1.1 GET http://localhost:5233/swagger/index.js - 304 null null 8.054ms
2026-05-24 17:04:08.854 +03:00 [INF] Request starting HTTP/1.1 GET http://localhost:5233/swagger/v1/swagger.json - null null
2026-05-24 17:04:08.914 +03:00 [INF] Request finished HTTP/1.1 GET http://localhost:5233/swagger/v1/swagger.json - 200 null application/json;charset=utf-8 59.8928ms
2026-05-24 17:04:31.206 +03:00 [INF] Request starting HTTP/1.1 POST http://localhost:5233/api/tickets?title=test&categoryId=1&solutionText=reboot - null 0
2026-05-24 17:04:31.211 +03:00 [INF] Executing endpoint 'TicketsController.Create (Helpdesk)'
2026-05-24 17:04:31.225 +03:00 [INF] Route matched with {action = "Create", controller = "Tickets"}. Executing controller action with signature System.Threading.Tasks.Task`1[Microsoft.AspNetCore.Mvc.IActionResult] Create(System.String, Int32, System.String) on controller TicketsController (Helpdesk).
2026-05-24 17:04:31.237 +03:00 [INF] Creating ticket: test
2026-05-24 17:04:31.405 +03:00 [INF] Executed DbCommand (5ms) [Parameters=[@p0='?' (DbType = Int32), @p1='?' (DbType = DateTime), @p2='?' (DbType = DateTime), @p3='?' (Size = 6), @p4='?' (Size = 6), @p5='?' (Size = 4)], CommandType='"Text"', CommandTimeout='30']
INSERT INTO "Tickets" ("CategoryId", "CreatedAt", "SlaDeadline", "Solution", "Status", "Title")
VALUES (@p0, @p1, @p2, @p3, @p4, @p5)
RETURNING "Id";
2026-05-24 17:04:31.434 +03:00 [INF] Ticket 3 created
2026-05-24 17:04:31.438 +03:00 [INF] Executing OkObjectResult, writing value of type 'Ticket'.
2026-05-24 17:04:31.458 +03:00 [INF] Executed action TicketsController.Create (Helpdesk) in 229.7074ms
2026-05-24 17:04:31.459 +03:00 [INF] Executed endpoint 'TicketsController.Create (Helpdesk)'
2026-05-24 17:04:31.462 +03:00 [INF] Request finished HTTP/1.1 POST http://localhost:5233/api/tickets?title=test&categoryId=1&solutionText=reboot - 200 null application/json; charset=utf-8 256.535ms
2026-05-24 17:06:38.720 +03:00 [INF] Request starting HTTP/1.1 GET http://localhost:5233/swagger/index.html - null null
2026-05-24 17:06:38.724 +03:00 [INF] Request finished HTTP/1.1 GET http://localhost:5233/swagger/index.html - 304 null null 3.9153ms
2026-05-24 17:06:38.752 +03:00 [INF] Request starting HTTP/1.1 GET http://localhost:5233/swagger/swagger-ui.css - null null
2026-05-24 17:06:38.754 +03:00 [INF] Request starting HTTP/1.1 GET http://localhost:5233/swagger/index.css - null null
2026-05-24 17:06:38.755 +03:00 [INF] Request starting HTTP/1.1 GET http://localhost:5233/swagger/swagger-ui-bundle.js - null null
2026-05-24 17:06:38.755 +03:00 [INF] Request finished HTTP/1.1 GET http://localhost:5233/swagger/swagger-ui.css - 304 null null 2.9728ms
2026-05-24 17:06:38.756 +03:00 [INF] Request starting HTTP/1.1 GET http://localhost:5233/swagger/index.js - null null
2026-05-24 17:06:38.756 +03:00 [INF] Request starting HTTP/1.1 GET http://localhost:5233/swagger/swagger-ui-standalone-preset.js - null null
2026-05-24 17:06:38.756 +03:00 [INF] Request finished HTTP/1.1 GET http://localhost:5233/swagger/index.css - 304 null null 2.2629ms
2026-05-24 17:06:38.758 +03:00 [INF] Request finished HTTP/1.1 GET http://localhost:5233/swagger/swagger-ui-bundle.js - 304 null null 2.8566ms
2026-05-24 17:06:38.761 +03:00 [INF] Request finished HTTP/1.1 GET http://localhost:5233/swagger/index.js - 304 null null 5.2272ms
2026-05-24 17:06:38.763 +03:00 [INF] Request finished HTTP/1.1 GET http://localhost:5233/swagger/swagger-ui-standalone-preset.js - 304 null null 6.7359ms
2026-05-24 17:06:38.805 +03:00 [INF] Request starting HTTP/1.1 GET http://localhost:5233/swagger/v1/swagger.json - null null
2026-05-24 17:06:38.807 +03:00 [INF] Request starting HTTP/1.1 GET http://localhost:5233/swagger/favicon-32x32.png - null null
2026-05-24 17:06:38.808 +03:00 [INF] Request finished HTTP/1.1 GET http://localhost:5233/swagger/v1/swagger.json - 200 null application/json;charset=utf-8 3.0245ms
2026-05-24 17:06:38.809 +03:00 [INF] Request finished HTTP/1.1 GET http://localhost:5233/swagger/favicon-32x32.png - 304 null null 1.7204ms
2026-05-24 17:06:59.483 +03:00 [INF] Request starting HTTP/1.1 POST http://localhost:5233/api/tickets?title=test&categoryId=1&solutionText=reboot - null 0
2026-05-24 17:06:59.485 +03:00 [INF] Executing endpoint 'TicketsController.Create (Helpdesk)'
2026-05-24 17:06:59.486 +03:00 [INF] Route matched with {action = "Create", controller = "Tickets"}. Executing controller action with signature System.Threading.Tasks.Task`1[Microsoft.AspNetCore.Mvc.IActionResult] Create(System.String, Int32, System.String) on controller TicketsController (Helpdesk).
2026-05-24 17:06:59.490 +03:00 [INF] Creating ticket: test
2026-05-24 17:06:59.544 +03:00 [INF] Executed DbCommand (1ms) [Parameters=[@p0='?' (DbType = Int32), @p1='?' (DbType = DateTime), @p2='?' (DbType = DateTime), @p3='?' (Size = 6), @p4='?' (Size = 6), @p5='?' (Size = 4)], CommandType='"Text"', CommandTimeout='30']
INSERT INTO "Tickets" ("CategoryId", "CreatedAt", "SlaDeadline", "Solution", "Status", "Title")
VALUES (@p0, @p1, @p2, @p3, @p4, @p5)
RETURNING "Id";
2026-05-24 17:06:59.552 +03:00 [INF] Ticket 4 created
2026-05-24 17:06:59.553 +03:00 [INF] Executing OkObjectResult, writing value of type 'Ticket'.
2026-05-24 17:06:59.554 +03:00 [INF] Executed action TicketsController.Create (Helpdesk) in 67.1524ms
2026-05-24 17:06:59.555 +03:00 [INF] Executed endpoint 'TicketsController.Create (Helpdesk)'
2026-05-24 17:06:59.555 +03:00 [INF] Request finished HTTP/1.1 POST http://localhost:5233/api/tickets?title=test&categoryId=1&solutionText=reboot - 200 null application/json; charset=utf-8 71.7921ms
2026-05-24 17:10:45.258 +03:00 [INF] Application is shutting down...
2026-05-24 17:11:42.854 +03:00 [INF] Executed DbCommand (8ms) [Parameters=[], CommandType='"Text"', CommandTimeout='30']
SELECT COUNT(*) FROM "sqlite_master" WHERE "type" = 'table' AND "rootpage" IS NOT NULL;
2026-05-24 17:11:42.952 +03:00 [INF] Now listening on: http://localhost:5233
2026-05-24 17:11:42.953 +03:00 [INF] Application started. Press Ctrl+C to shut down.
2026-05-24 17:11:42.954 +03:00 [INF] Hosting environment: Development
2026-05-24 17:11:42.954 +03:00 [INF] Content root path: C:\Users\fahre\OneDrive\Рабочий стол\HelpdeskApp\Helpdesk
2026-05-24 17:11:49.401 +03:00 [INF] Request starting HTTP/1.1 GET http://localhost:5233/swagger/index.html - null null
2026-05-24 17:11:49.469 +03:00 [INF] Request finished HTTP/1.1 GET http://localhost:5233/swagger/index.html - 304 null null 68.9986ms
2026-05-24 17:11:49.507 +03:00 [INF] Request starting HTTP/1.1 GET http://localhost:5233/swagger/index.css - null null
2026-05-24 17:11:49.507 +03:00 [INF] Request starting HTTP/1.1 GET http://localhost:5233/swagger/swagger-ui.css - null null
2026-05-24 17:11:49.508 +03:00 [INF] Request starting HTTP/1.1 GET http://localhost:5233/swagger/swagger-ui-bundle.js - null null
2026-05-24 17:11:49.509 +03:00 [INF] Request starting HTTP/1.1 GET http://localhost:5233/swagger/swagger-ui-standalone-preset.js - null null
2026-05-24 17:11:49.509 +03:00 [INF] Request starting HTTP/1.1 GET http://localhost:5233/swagger/index.js - null null
2026-05-24 17:11:49.517 +03:00 [INF] Request finished HTTP/1.1 GET http://localhost:5233/swagger/index.js - 304 null null 7.6803ms
2026-05-24 17:11:49.523 +03:00 [INF] Request finished HTTP/1.1 GET http://localhost:5233/swagger/index.css - 304 null null 16.048ms
2026-05-24 17:11:49.523 +03:00 [INF] Request finished HTTP/1.1 GET http://localhost:5233/swagger/swagger-ui-standalone-preset.js - 304 null null 14.0845ms
2026-05-24 17:11:49.523 +03:00 [INF] Request finished HTTP/1.1 GET http://localhost:5233/swagger/swagger-ui.css - 304 null null 16.4153ms
2026-05-24 17:11:49.524 +03:00 [INF] Request finished HTTP/1.1 GET http://localhost:5233/swagger/swagger-ui-bundle.js - 304 null null 15.3221ms
2026-05-24 17:11:49.576 +03:00 [INF] Request starting HTTP/1.1 GET http://localhost:5233/swagger/v1/swagger.json - null null
2026-05-24 17:11:49.580 +03:00 [INF] Request starting HTTP/1.1 GET http://localhost:5233/swagger/favicon-32x32.png - null null
2026-05-24 17:11:49.582 +03:00 [INF] Request finished HTTP/1.1 GET http://localhost:5233/swagger/favicon-32x32.png - 304 null null 2.4593ms
2026-05-24 17:11:49.639 +03:00 [INF] Request finished HTTP/1.1 GET http://localhost:5233/swagger/v1/swagger.json - 200 null application/json;charset=utf-8 63.1223ms
2026-05-24 17:11:59.832 +03:00 [INF] Request starting HTTP/1.1 GET http://localhost:5233/api/tickets/check-sla - null null
2026-05-24 17:11:59.837 +03:00 [INF] Executing endpoint 'TicketsController.CheckSla (Helpdesk)'
2026-05-24 17:11:59.849 +03:00 [INF] Route matched with {action = "CheckSla", controller = "Tickets"}. Executing controller action with signature System.Threading.Tasks.Task`1[Microsoft.AspNetCore.Mvc.IActionResult] CheckSla() on controller TicketsController (Helpdesk).
2026-05-24 17:12:00.339 +03:00 [WRN] Retry 1 after 2s
2026-05-24 17:12:02.738 +03:00 [WRN] Retry 2 after 4s
2026-05-24 17:12:07.129 +03:00 [WRN] Retry 3 after 8s
2026-05-24 17:12:15.519 +03:00 [ERR] SLA check failed
System.Net.Http.HttpRequestException: Response status code does not indicate success: 404 (Not Found).
   at System.Net.Http.HttpResponseMessage.EnsureSuccessStatusCode()
   at TicketsController.<>c.<<CheckSla>b__4_5>d.MoveNext() in C:\Users\fahre\OneDrive\Рабочий стол\HelpdeskApp\Helpdesk\Program.cs:line 115
--- End of stack trace from previous location ---
   at Polly.Retry.AsyncRetryEngine.ImplementationAsync[TResult](Func`3 action, Context context, ExceptionPredicates shouldRetryExceptionPredicates, ResultPredicates`1 shouldRetryResultPredicates, Func`5 onRetryAsync, CancellationToken cancellationToken, Int32 permittedRetryCount, IEnumerable`1 sleepDurationsEnumerable, Func`4 sleepDurationProvider, Boolean continueOnCapturedContext)
   at Polly.AsyncPolicy.ExecuteInternalAsync[TResult](Func`3 action, Context context, Boolean continueOnCapturedContext, CancellationToken cancellationToken)
   at TicketsController.<>c__DisplayClass4_0.<<CheckSla>b__4>d.MoveNext() in C:\Users\fahre\OneDrive\Рабочий стол\HelpdeskApp\Helpdesk\Program.cs:line 111
--- End of stack trace from previous location ---
   at Polly.CircuitBreaker.AsyncCircuitBreakerPolicy.<>c__DisplayClass8_0`1.<<ImplementationAsync>b__0>d.MoveNext()
--- End of stack trace from previous location ---
   at Polly.CircuitBreaker.AsyncCircuitBreakerEngine.ImplementationAsync[TResult](Func`3 action, Context context, Boolean continueOnCapturedContext, ExceptionPredicates shouldHandleExceptionPredicates, ResultPredicates`1 shouldHandleResultPredicates, ICircuitController`1 breakerController, CancellationToken cancellationToken)
   at Polly.CircuitBreaker.AsyncCircuitBreakerPolicy.ImplementationAsync[TResult](Func`3 action, Context context, CancellationToken cancellationToken, Boolean continueOnCapturedContext)
   at Polly.AsyncPolicy.ExecuteInternalAsync[TResult](Func`3 action, Context context, Boolean continueOnCapturedContext, CancellationToken cancellationToken)
   at TicketsController.CheckSla() in C:\Users\fahre\OneDrive\Рабочий стол\HelpdeskApp\Helpdesk\Program.cs:line 110
2026-05-24 17:12:15.536 +03:00 [INF] Executing ObjectResult, writing value of type 'System.String'.
2026-05-24 17:12:15.540 +03:00 [INF] Executed action TicketsController.CheckSla (Helpdesk) in 15688.1777ms
2026-05-24 17:12:15.541 +03:00 [INF] Executed endpoint 'TicketsController.CheckSla (Helpdesk)'
2026-05-24 17:12:15.544 +03:00 [INF] Request finished HTTP/1.1 GET http://localhost:5233/api/tickets/check-sla - 503 null text/plain; charset=utf-8 15711.603ms
2026-05-24 17:13:07.752 +03:00 [INF] Application is shutting down...
2026-05-24 17:13:15.764 +03:00 [INF] Executed DbCommand (8ms) [Parameters=[], CommandType='"Text"', CommandTimeout='30']
SELECT COUNT(*) FROM "sqlite_master" WHERE "type" = 'table' AND "rootpage" IS NOT NULL;
2026-05-24 17:13:15.861 +03:00 [INF] Now listening on: http://localhost:5233
2026-05-24 17:13:15.863 +03:00 [INF] Application started. Press Ctrl+C to shut down.
2026-05-24 17:13:15.863 +03:00 [INF] Hosting environment: Development
2026-05-24 17:13:15.864 +03:00 [INF] Content root path: C:\Users\fahre\OneDrive\Рабочий стол\HelpdeskApp\Helpdesk
2026-05-24 17:13:16.918 +03:00 [INF] Application is shutting down...
2026-05-24 17:13:51.790 +03:00 [INF] Executed DbCommand (7ms) [Parameters=[], CommandType='"Text"', CommandTimeout='30']
SELECT COUNT(*) FROM "sqlite_master" WHERE "type" = 'table' AND "rootpage" IS NOT NULL;
2026-05-24 17:13:51.892 +03:00 [INF] Now listening on: http://localhost:5233
2026-05-24 17:13:51.894 +03:00 [INF] Application started. Press Ctrl+C to shut down.
2026-05-24 17:13:51.894 +03:00 [INF] Hosting environment: Development
2026-05-24 17:13:51.895 +03:00 [INF] Content root path: C:\Users\fahre\OneDrive\Рабочий стол\HelpdeskApp\Helpdesk
2026-05-24 17:13:54.163 +03:00 [INF] Request starting HTTP/1.1 GET http://localhost:5233/swagger/index.html - null null
2026-05-24 17:13:54.228 +03:00 [INF] Request finished HTTP/1.1 GET http://localhost:5233/swagger/index.html - 304 null null 65.9217ms
2026-05-24 17:13:54.255 +03:00 [INF] Request starting HTTP/1.1 GET http://localhost:5233/swagger/index.css - null null
2026-05-24 17:13:54.255 +03:00 [INF] Request starting HTTP/1.1 GET http://localhost:5233/swagger/swagger-ui.css - null null
2026-05-24 17:13:54.255 +03:00 [INF] Request starting HTTP/1.1 GET http://localhost:5233/swagger/swagger-ui-bundle.js - null null
2026-05-24 17:13:54.256 +03:00 [INF] Request starting HTTP/1.1 GET http://localhost:5233/swagger/swagger-ui-standalone-preset.js - null null
2026-05-24 17:13:54.257 +03:00 [INF] Request starting HTTP/1.1 GET http://localhost:5233/swagger/index.js - null null
2026-05-24 17:13:54.263 +03:00 [INF] Request finished HTTP/1.1 GET http://localhost:5233/swagger/index.js - 304 null null 6.5639ms
2026-05-24 17:13:54.269 +03:00 [INF] Request finished HTTP/1.1 GET http://localhost:5233/swagger/swagger-ui-standalone-preset.js - 304 null null 13.2733ms
2026-05-24 17:13:54.269 +03:00 [INF] Request finished HTTP/1.1 GET http://localhost:5233/swagger/swagger-ui.css - 304 null null 14.5629ms
2026-05-24 17:13:54.269 +03:00 [INF] Request finished HTTP/1.1 GET http://localhost:5233/swagger/index.css - 304 null null 14.5627ms
2026-05-24 17:13:54.269 +03:00 [INF] Request finished HTTP/1.1 GET http://localhost:5233/swagger/swagger-ui-bundle.js - 304 null null 13.7321ms
2026-05-24 17:13:54.312 +03:00 [INF] Request starting HTTP/1.1 GET http://localhost:5233/swagger/v1/swagger.json - null null
2026-05-24 17:13:54.315 +03:00 [INF] Request starting HTTP/1.1 GET http://localhost:5233/swagger/favicon-32x32.png - null null
2026-05-24 17:13:54.317 +03:00 [INF] Request finished HTTP/1.1 GET http://localhost:5233/swagger/favicon-32x32.png - 304 null null 1.7307ms
2026-05-24 17:13:54.372 +03:00 [INF] Request finished HTTP/1.1 GET http://localhost:5233/swagger/v1/swagger.json - 200 null application/json;charset=utf-8 59.5355ms
2026-05-24 17:14:00.960 +03:00 [INF] Request starting HTTP/1.1 GET http://localhost:5233/api/tickets/check-sla - null null
2026-05-24 17:14:00.963 +03:00 [INF] Executing endpoint 'TicketsController.CheckSla (Helpdesk)'
2026-05-24 17:14:00.975 +03:00 [INF] Route matched with {action = "CheckSla", controller = "Tickets"}. Executing controller action with signature System.Threading.Tasks.Task`1[Microsoft.AspNetCore.Mvc.IActionResult] CheckSla() on controller TicketsController (Helpdesk).
2026-05-24 17:14:03.373 +03:00 [WRN] Retry 1 after 2s
2026-05-24 17:14:06.151 +03:00 [WRN] Retry 2 after 4s
2026-05-24 17:14:11.098 +03:00 [WRN] Retry 3 after 8s
2026-05-24 17:14:20.290 +03:00 [ERR] SLA check failed
System.Net.Http.HttpRequestException: Response status code does not indicate success: 500 (INTERNAL SERVER ERROR).
   at System.Net.Http.HttpResponseMessage.EnsureSuccessStatusCode()
   at TicketsController.<>c.<<CheckSla>b__4_5>d.MoveNext() in C:\Users\fahre\OneDrive\Рабочий стол\HelpdeskApp\Helpdesk\Program.cs:line 115
--- End of stack trace from previous location ---
   at Polly.Retry.AsyncRetryEngine.ImplementationAsync[TResult](Func`3 action, Context context, ExceptionPredicates shouldRetryExceptionPredicates, ResultPredicates`1 shouldRetryResultPredicates, Func`5 onRetryAsync, CancellationToken cancellationToken, Int32 permittedRetryCount, IEnumerable`1 sleepDurationsEnumerable, Func`4 sleepDurationProvider, Boolean continueOnCapturedContext)
   at Polly.AsyncPolicy.ExecuteInternalAsync[TResult](Func`3 action, Context context, Boolean continueOnCapturedContext, CancellationToken cancellationToken)
   at TicketsController.<>c__DisplayClass4_0.<<CheckSla>b__4>d.MoveNext() in C:\Users\fahre\OneDrive\Рабочий стол\HelpdeskApp\Helpdesk\Program.cs:line 111
--- End of stack trace from previous location ---
   at Polly.CircuitBreaker.AsyncCircuitBreakerPolicy.<>c__DisplayClass8_0`1.<<ImplementationAsync>b__0>d.MoveNext()
--- End of stack trace from previous location ---
   at Polly.CircuitBreaker.AsyncCircuitBreakerEngine.ImplementationAsync[TResult](Func`3 action, Context context, Boolean continueOnCapturedContext, ExceptionPredicates shouldHandleExceptionPredicates, ResultPredicates`1 shouldHandleResultPredicates, ICircuitController`1 breakerController, CancellationToken cancellationToken)
   at Polly.CircuitBreaker.AsyncCircuitBreakerPolicy.ImplementationAsync[TResult](Func`3 action, Context context, CancellationToken cancellationToken, Boolean continueOnCapturedContext)
   at Polly.AsyncPolicy.ExecuteInternalAsync[TResult](Func`3 action, Context context, Boolean continueOnCapturedContext, CancellationToken cancellationToken)
   at TicketsController.CheckSla() in C:\Users\fahre\OneDrive\Рабочий стол\HelpdeskApp\Helpdesk\Program.cs:line 110
2026-05-24 17:14:20.307 +03:00 [INF] Executing ObjectResult, writing value of type 'System.String'.
2026-05-24 17:14:20.311 +03:00 [INF] Executed action TicketsController.CheckSla (Helpdesk) in 19332.6501ms
2026-05-24 17:14:20.312 +03:00 [INF] Executed endpoint 'TicketsController.CheckSla (Helpdesk)'
2026-05-24 17:14:20.314 +03:00 [INF] Request finished HTTP/1.1 GET http://localhost:5233/api/tickets/check-sla - 503 null text/plain; charset=utf-8 19354.1212ms
2026-05-24 17:15:24.938 +03:00 [INF] Application is shutting down...
2026-05-24 17:22:50.144 +03:00 [INF] Executed DbCommand (7ms) [Parameters=[], CommandType='"Text"', CommandTimeout='30']
SELECT COUNT(*) FROM "sqlite_master" WHERE "type" = 'table' AND "rootpage" IS NOT NULL;
2026-05-24 17:22:50.242 +03:00 [INF] Now listening on: http://localhost:5233
2026-05-24 17:22:50.244 +03:00 [INF] Application started. Press Ctrl+C to shut down.
2026-05-24 17:22:50.244 +03:00 [INF] Hosting environment: Development
2026-05-24 17:22:50.245 +03:00 [INF] Content root path: C:\Users\fahre\OneDrive\Рабочий стол\HelpdeskApp\Helpdesk
2026-05-24 17:22:55.361 +03:00 [INF] Request starting HTTP/1.1 GET http://localhost:5233/swagger/index.html - null null
2026-05-24 17:22:55.426 +03:00 [INF] Request finished HTTP/1.1 GET http://localhost:5233/swagger/index.html - 304 null null 65.8178ms
2026-05-24 17:22:55.455 +03:00 [INF] Request starting HTTP/1.1 GET http://localhost:5233/swagger/index.css - null null
2026-05-24 17:22:55.455 +03:00 [INF] Request starting HTTP/1.1 GET http://localhost:5233/swagger/swagger-ui.css - null null
2026-05-24 17:22:55.456 +03:00 [INF] Request starting HTTP/1.1 GET http://localhost:5233/swagger/swagger-ui-standalone-preset.js - null null
2026-05-24 17:22:55.456 +03:00 [INF] Request starting HTTP/1.1 GET http://localhost:5233/swagger/swagger-ui-bundle.js - null null
2026-05-24 17:22:55.457 +03:00 [INF] Request starting HTTP/1.1 GET http://localhost:5233/swagger/index.js - null null
2026-05-24 17:22:55.465 +03:00 [INF] Request finished HTTP/1.1 GET http://localhost:5233/swagger/index.js - 304 null null 7.3071ms
2026-05-24 17:22:55.473 +03:00 [INF] Request finished HTTP/1.1 GET http://localhost:5233/swagger/index.css - 304 null null 18.4812ms
2026-05-24 17:22:55.473 +03:00 [INF] Request finished HTTP/1.1 GET http://localhost:5233/swagger/swagger-ui-standalone-preset.js - 304 null null 17.2366ms
2026-05-24 17:22:55.473 +03:00 [INF] Request finished HTTP/1.1 GET http://localhost:5233/swagger/swagger-ui.css - 304 null null 18.4832ms
2026-05-24 17:22:55.474 +03:00 [INF] Request finished HTTP/1.1 GET http://localhost:5233/swagger/swagger-ui-bundle.js - 304 null null 17.5918ms
2026-05-24 17:22:55.602 +03:00 [INF] Request starting HTTP/1.1 GET http://localhost:5233/swagger/v1/swagger.json - null null
2026-05-24 17:22:55.614 +03:00 [INF] Request starting HTTP/1.1 GET http://localhost:5233/swagger/favicon-32x32.png - null null
2026-05-24 17:22:55.616 +03:00 [INF] Request finished HTTP/1.1 GET http://localhost:5233/swagger/favicon-32x32.png - 304 null null 1.8995ms
2026-05-24 17:22:55.665 +03:00 [INF] Request finished HTTP/1.1 GET http://localhost:5233/swagger/v1/swagger.json - 200 null application/json;charset=utf-8 62.1032ms
2026-05-24 17:22:58.693 +03:00 [INF] Request starting HTTP/1.1 GET http://localhost:5233/api/tickets/check-sla - null null
2026-05-24 17:22:58.697 +03:00 [INF] Executing endpoint 'TicketsController.CheckSla (Helpdesk)'
2026-05-24 17:22:58.707 +03:00 [INF] Route matched with {action = "CheckSla", controller = "Tickets"}. Executing controller action with signature System.Threading.Tasks.Task`1[Microsoft.AspNetCore.Mvc.IActionResult] CheckSla() on controller TicketsController (Helpdesk).
2026-05-24 17:23:01.147 +03:00 [WRN] Retry 1 after 2s - Response status code does not indicate success: 500 (INTERNAL SERVER ERROR).
2026-05-24 17:23:05.619 +03:00 [WRN] Retry 2 after 2s - Response status code does not indicate success: 500 (INTERNAL SERVER ERROR).
2026-05-24 17:23:08.382 +03:00 [WRN] Retry 3 after 2s - Response status code does not indicate success: 500 (INTERNAL SERVER ERROR).
2026-05-24 17:23:12.256 +03:00 [ERR] SLA check failed after retries
System.Net.Http.HttpRequestException: Response status code does not indicate success: 500 (INTERNAL SERVER ERROR).
   at System.Net.Http.HttpResponseMessage.EnsureSuccessStatusCode()
   at TicketsController.<>c.<<CheckSla>b__4_5>d.MoveNext() in C:\Users\fahre\OneDrive\Рабочий стол\HelpdeskApp\Helpdesk\Program.cs:line 116
--- End of stack trace from previous location ---
   at Polly.Retry.AsyncRetryEngine.ImplementationAsync[TResult](Func`3 action, Context context, ExceptionPredicates shouldRetryExceptionPredicates, ResultPredicates`1 shouldRetryResultPredicates, Func`5 onRetryAsync, CancellationToken cancellationToken, Int32 permittedRetryCount, IEnumerable`1 sleepDurationsEnumerable, Func`4 sleepDurationProvider, Boolean continueOnCapturedContext)
   at Polly.AsyncPolicy.ExecuteInternalAsync[TResult](Func`3 action, Context context, Boolean continueOnCapturedContext, CancellationToken cancellationToken)
   at TicketsController.<>c__DisplayClass4_0.<<CheckSla>b__4>d.MoveNext() in C:\Users\fahre\OneDrive\Рабочий стол\HelpdeskApp\Helpdesk\Program.cs:line 112
--- End of stack trace from previous location ---
   at Polly.CircuitBreaker.AsyncCircuitBreakerPolicy.<>c__DisplayClass8_0`1.<<ImplementationAsync>b__0>d.MoveNext()
--- End of stack trace from previous location ---
   at Polly.CircuitBreaker.AsyncCircuitBreakerEngine.ImplementationAsync[TResult](Func`3 action, Context context, Boolean continueOnCapturedContext, ExceptionPredicates shouldHandleExceptionPredicates, ResultPredicates`1 shouldHandleResultPredicates, ICircuitController`1 breakerController, CancellationToken cancellationToken)
   at Polly.CircuitBreaker.AsyncCircuitBreakerPolicy.ImplementationAsync[TResult](Func`3 action, Context context, CancellationToken cancellationToken, Boolean continueOnCapturedContext)
   at Polly.AsyncPolicy.ExecuteInternalAsync[TResult](Func`3 action, Context context, Boolean continueOnCapturedContext, CancellationToken cancellationToken)
   at TicketsController.CheckSla() in C:\Users\fahre\OneDrive\Рабочий стол\HelpdeskApp\Helpdesk\Program.cs:line 111
2026-05-24 17:23:12.273 +03:00 [INF] Executing ObjectResult, writing value of type 'System.String'.
2026-05-24 17:23:12.277 +03:00 [INF] Executed action TicketsController.CheckSla (Helpdesk) in 13566.1887ms
2026-05-24 17:23:12.278 +03:00 [INF] Executed endpoint 'TicketsController.CheckSla (Helpdesk)'
2026-05-24 17:23:12.281 +03:00 [INF] Request finished HTTP/1.1 GET http://localhost:5233/api/tickets/check-sla - 503 null text/plain; charset=utf-8 13588.0268ms
2026-05-24 17:26:04.984 +03:00 [INF] Application is shutting down...
2026-05-24 17:26:15.540 +03:00 [INF] Executed DbCommand (7ms) [Parameters=[], CommandType='"Text"', CommandTimeout='30']
SELECT COUNT(*) FROM "sqlite_master" WHERE "type" = 'table' AND "rootpage" IS NOT NULL;
2026-05-24 17:26:15.637 +03:00 [INF] Now listening on: http://localhost:5233
2026-05-24 17:26:15.639 +03:00 [INF] Application started. Press Ctrl+C to shut down.
2026-05-24 17:26:15.639 +03:00 [INF] Hosting environment: Development
2026-05-24 17:26:15.640 +03:00 [INF] Content root path: C:\Users\fahre\OneDrive\Рабочий стол\HelpdeskApp\Helpdesk
2026-05-24 17:26:19.593 +03:00 [INF] Request starting HTTP/1.1 GET http://localhost:5233/api/tickets/check-sla - null null
2026-05-24 17:26:19.620 +03:00 [INF] Executing endpoint 'TicketsController.CheckSla (Helpdesk)'
2026-05-24 17:26:19.631 +03:00 [INF] Route matched with {action = "CheckSla", controller = "Tickets"}. Executing controller action with signature System.Threading.Tasks.Task`1[Microsoft.AspNetCore.Mvc.IActionResult] CheckSla() on controller TicketsController (Helpdesk).
2026-05-24 17:26:21.047 +03:00 [WRN] Retry 1 after 2s - Response status code does not indicate success: 500 (INTERNAL SERVER ERROR).
2026-05-24 17:26:23.835 +03:00 [WRN] Retry 2 after 2s - Response status code does not indicate success: 500 (INTERNAL SERVER ERROR).
2026-05-24 17:26:26.984 +03:00 [WRN] Retry 3 after 2s - Response status code does not indicate success: 500 (INTERNAL SERVER ERROR).
2026-05-24 17:26:32.191 +03:00 [ERR] SLA check failed after retries
System.Net.Http.HttpRequestException: Response status code does not indicate success: 500 (INTERNAL SERVER ERROR).
   at System.Net.Http.HttpResponseMessage.EnsureSuccessStatusCode()
   at TicketsController.<>c.<<CheckSla>b__4_5>d.MoveNext() in C:\Users\fahre\OneDrive\Рабочий стол\HelpdeskApp\Helpdesk\Program.cs:line 116
--- End of stack trace from previous location ---
   at Polly.Retry.AsyncRetryEngine.ImplementationAsync[TResult](Func`3 action, Context context, ExceptionPredicates shouldRetryExceptionPredicates, ResultPredicates`1 shouldRetryResultPredicates, Func`5 onRetryAsync, CancellationToken cancellationToken, Int32 permittedRetryCount, IEnumerable`1 sleepDurationsEnumerable, Func`4 sleepDurationProvider, Boolean continueOnCapturedContext)
   at Polly.AsyncPolicy.ExecuteInternalAsync[TResult](Func`3 action, Context context, Boolean continueOnCapturedContext, CancellationToken cancellationToken)
   at TicketsController.<>c__DisplayClass4_0.<<CheckSla>b__4>d.MoveNext() in C:\Users\fahre\OneDrive\Рабочий стол\HelpdeskApp\Helpdesk\Program.cs:line 112
--- End of stack trace from previous location ---
   at Polly.CircuitBreaker.AsyncCircuitBreakerPolicy.<>c__DisplayClass8_0`1.<<ImplementationAsync>b__0>d.MoveNext()
--- End of stack trace from previous location ---
   at Polly.CircuitBreaker.AsyncCircuitBreakerEngine.ImplementationAsync[TResult](Func`3 action, Context context, Boolean continueOnCapturedContext, ExceptionPredicates shouldHandleExceptionPredicates, ResultPredicates`1 shouldHandleResultPredicates, ICircuitController`1 breakerController, CancellationToken cancellationToken)
   at Polly.CircuitBreaker.AsyncCircuitBreakerPolicy.ImplementationAsync[TResult](Func`3 action, Context context, CancellationToken cancellationToken, Boolean continueOnCapturedContext)
   at Polly.AsyncPolicy.ExecuteInternalAsync[TResult](Func`3 action, Context context, Boolean continueOnCapturedContext, CancellationToken cancellationToken)
   at TicketsController.CheckSla() in C:\Users\fahre\OneDrive\Рабочий стол\HelpdeskApp\Helpdesk\Program.cs:line 111
2026-05-24 17:26:32.208 +03:00 [INF] Executing ObjectResult, writing value of type 'System.String'.
2026-05-24 17:26:32.213 +03:00 [INF] Executed action TicketsController.CheckSla (Helpdesk) in 12579.1066ms
2026-05-24 17:26:32.214 +03:00 [INF] Executed endpoint 'TicketsController.CheckSla (Helpdesk)'
2026-05-24 17:26:32.218 +03:00 [INF] Request finished HTTP/1.1 GET http://localhost:5233/api/tickets/check-sla - 503 null text/plain; charset=utf-8 12626.1581ms
2026-05-24 17:30:41.866 +03:00 [INF] Application is shutting down...
2026-05-24 17:30:45.895 +03:00 [INF] Executed DbCommand (8ms) [Parameters=[], CommandType='"Text"', CommandTimeout='30']
SELECT COUNT(*) FROM "sqlite_master" WHERE "type" = 'table' AND "rootpage" IS NOT NULL;
2026-05-24 17:30:45.999 +03:00 [INF] Now listening on: http://localhost:5233
2026-05-24 17:30:46.000 +03:00 [INF] Application started. Press Ctrl+C to shut down.
2026-05-24 17:30:46.001 +03:00 [INF] Hosting environment: Development
2026-05-24 17:30:46.001 +03:00 [INF] Content root path: C:\Users\fahre\OneDrive\Рабочий стол\HelpdeskApp\Helpdesk
2026-05-24 17:30:49.282 +03:00 [INF] Request starting HTTP/1.1 GET http://localhost:5233/swagger/index.html - null null
2026-05-24 17:30:49.346 +03:00 [INF] Request finished HTTP/1.1 GET http://localhost:5233/swagger/index.html - 304 null null 64.967ms
2026-05-24 17:30:49.369 +03:00 [INF] Request starting HTTP/1.1 GET http://localhost:5233/swagger/swagger-ui.css - null null
2026-05-24 17:30:49.369 +03:00 [INF] Request starting HTTP/1.1 GET http://localhost:5233/swagger/index.css - null null
2026-05-24 17:30:49.369 +03:00 [INF] Request starting HTTP/1.1 GET http://localhost:5233/swagger/swagger-ui-bundle.js - null null
2026-05-24 17:30:49.370 +03:00 [INF] Request starting HTTP/1.1 GET http://localhost:5233/swagger/swagger-ui-standalone-preset.js - null null
2026-05-24 17:30:49.371 +03:00 [INF] Request starting HTTP/1.1 GET http://localhost:5233/swagger/index.js - null null
2026-05-24 17:30:49.378 +03:00 [INF] Request finished HTTP/1.1 GET http://localhost:5233/swagger/index.js - 304 null null 7.4052ms
2026-05-24 17:30:49.385 +03:00 [INF] Request finished HTTP/1.1 GET http://localhost:5233/swagger/swagger-ui-standalone-preset.js - 304 null null 14.9497ms
2026-05-24 17:30:49.385 +03:00 [INF] Request finished HTTP/1.1 GET http://localhost:5233/swagger/index.css - 304 null null 15.9037ms
2026-05-24 17:30:49.385 +03:00 [INF] Request finished HTTP/1.1 GET http://localhost:5233/swagger/swagger-ui.css - 304 null null 15.9005ms
2026-05-24 17:30:49.385 +03:00 [INF] Request finished HTTP/1.1 GET http://localhost:5233/swagger/swagger-ui-bundle.js - 304 null null 15.6494ms
2026-05-24 17:30:49.519 +03:00 [INF] Request starting HTTP/1.1 GET http://localhost:5233/swagger/v1/swagger.json - null null
2026-05-24 17:30:49.521 +03:00 [INF] Request starting HTTP/1.1 GET http://localhost:5233/swagger/favicon-32x32.png - null null
2026-05-24 17:30:49.523 +03:00 [INF] Request finished HTTP/1.1 GET http://localhost:5233/swagger/favicon-32x32.png - 304 null null 1.8646ms
2026-05-24 17:30:49.581 +03:00 [INF] Request finished HTTP/1.1 GET http://localhost:5233/swagger/v1/swagger.json - 200 null application/json;charset=utf-8 62.5782ms
2026-05-24 17:31:06.596 +03:00 [INF] Request starting HTTP/1.1 POST http://localhost:5233/api/tickets?title=test&categoryId=1&solutionText=reboot - null 0
2026-05-24 17:31:06.600 +03:00 [INF] Executing endpoint 'TicketsController.Create (Helpdesk)'
2026-05-24 17:31:06.615 +03:00 [INF] Route matched with {action = "Create", controller = "Tickets"}. Executing controller action with signature System.Threading.Tasks.Task`1[Microsoft.AspNetCore.Mvc.IActionResult] Create(System.String, Int32, System.String) on controller TicketsController (Helpdesk).
2026-05-24 17:31:06.627 +03:00 [INF] Creating ticket: test
2026-05-24 17:31:06.804 +03:00 [INF] Executed DbCommand (5ms) [Parameters=[@p0='?' (DbType = Int32), @p1='?' (DbType = DateTime), @p2='?' (DbType = DateTime), @p3='?' (Size = 6), @p4='?' (Size = 6), @p5='?' (Size = 4)], CommandType='"Text"', CommandTimeout='30']
INSERT INTO "Tickets" ("CategoryId", "CreatedAt", "SlaDeadline", "Solution", "Status", "Title")
VALUES (@p0, @p1, @p2, @p3, @p4, @p5)
RETURNING "Id";
2026-05-24 17:31:06.833 +03:00 [INF] Ticket 5 created
2026-05-24 17:31:06.836 +03:00 [INF] Executing OkObjectResult, writing value of type 'Ticket'.
2026-05-24 17:31:06.857 +03:00 [INF] Executed action TicketsController.Create (Helpdesk) in 238.4344ms
2026-05-24 17:31:06.858 +03:00 [INF] Executed endpoint 'TicketsController.Create (Helpdesk)'
2026-05-24 17:31:06.861 +03:00 [INF] Request finished HTTP/1.1 POST http://localhost:5233/api/tickets?title=test&categoryId=1&solutionText=reboot - 200 null application/json; charset=utf-8 265.4249ms
2026-05-24 17:31:10.654 +03:00 [INF] Request starting HTTP/1.1 POST http://localhost:5233/api/tickets?title=test&categoryId=1&solutionText=reboot - null 0
2026-05-24 17:31:10.656 +03:00 [INF] Executing endpoint 'TicketsController.Create (Helpdesk)'
2026-05-24 17:31:10.656 +03:00 [INF] Route matched with {action = "Create", controller = "Tickets"}. Executing controller action with signature System.Threading.Tasks.Task`1[Microsoft.AspNetCore.Mvc.IActionResult] Create(System.String, Int32, System.String) on controller TicketsController (Helpdesk).
2026-05-24 17:31:10.660 +03:00 [INF] Creating ticket: test
2026-05-24 17:31:10.714 +03:00 [INF] Executed DbCommand (1ms) [Parameters=[@p0='?' (DbType = Int32), @p1='?' (DbType = DateTime), @p2='?' (DbType = DateTime), @p3='?' (Size = 6), @p4='?' (Size = 6), @p5='?' (Size = 4)], CommandType='"Text"', CommandTimeout='30']
INSERT INTO "Tickets" ("CategoryId", "CreatedAt", "SlaDeadline", "Solution", "Status", "Title")
VALUES (@p0, @p1, @p2, @p3, @p4, @p5)
RETURNING "Id";
2026-05-24 17:31:10.721 +03:00 [INF] Ticket 6 created
2026-05-24 17:31:10.722 +03:00 [INF] Executing OkObjectResult, writing value of type 'Ticket'.
2026-05-24 17:31:10.722 +03:00 [INF] Executed action TicketsController.Create (Helpdesk) in 65.1089ms
2026-05-24 17:31:10.723 +03:00 [INF] Executed endpoint 'TicketsController.Create (Helpdesk)'
2026-05-24 17:31:10.724 +03:00 [INF] Request finished HTTP/1.1 POST http://localhost:5233/api/tickets?title=test&categoryId=1&solutionText=reboot - 200 null application/json; charset=utf-8 69.768ms
2026-05-24 17:55:29.641 +03:00 [INF] Executed DbCommand (7ms) [Parameters=[], CommandType='"Text"', CommandTimeout='30']
SELECT COUNT(*) FROM "sqlite_master" WHERE "type" = 'table' AND "rootpage" IS NOT NULL;
2026-05-24 17:55:29.739 +03:00 [INF] Now listening on: http://localhost:5233
2026-05-24 17:55:29.741 +03:00 [INF] Application started. Press Ctrl+C to shut down.
2026-05-24 17:55:29.741 +03:00 [INF] Hosting environment: Development
2026-05-24 17:55:29.742 +03:00 [INF] Content root path: C:\Users\fahre\OneDrive\Рабочий стол\HelpdeskApp\Helpdesk
2026-05-24 17:56:17.914 +03:00 [INF] Request starting HTTP/1.1 GET http://localhost:5233/index.html - null null
2026-05-24 17:56:17.938 +03:00 [INF] Sending file. Request path: '/index.html'. Physical path: 'C:\Users\fahre\OneDrive\Рабочий стол\HelpdeskApp\Helpdesk\wwwroot\index.html'
2026-05-24 17:56:17.940 +03:00 [INF] Request finished HTTP/1.1 GET http://localhost:5233/index.html - 200 9943 text/html 26.4122ms
2026-05-24 17:56:18.386 +03:00 [INF] Request starting HTTP/1.1 GET http://localhost:5233/api/tickets - null null
2026-05-24 17:56:18.404 +03:00 [INF] Executing endpoint 'TicketsController.GetAll (Helpdesk)'
2026-05-24 17:56:18.417 +03:00 [INF] Route matched with {action = "GetAll", controller = "Tickets"}. Executing controller action with signature System.Threading.Tasks.Task`1[Microsoft.AspNetCore.Mvc.IActionResult] GetAll() on controller TicketsController (Helpdesk).
2026-05-24 17:56:18.421 +03:00 [INF] Fetching all tickets
2026-05-24 17:56:18.494 +03:00 [INF] Request starting HTTP/1.1 POST http://localhost:5233/api/tickets?title=E2E%20Test%20Ticket&categoryId=1&solutionText=E2E%20Solution - null 0
2026-05-24 17:56:18.497 +03:00 [INF] Executing endpoint 'TicketsController.Create (Helpdesk)'
2026-05-24 17:56:18.514 +03:00 [INF] Route matched with {action = "Create", controller = "Tickets"}. Executing controller action with signature System.Threading.Tasks.Task`1[Microsoft.AspNetCore.Mvc.IActionResult] Create(System.String, Int32, System.String) on controller TicketsController (Helpdesk).
2026-05-24 17:56:18.528 +03:00 [INF] Creating ticket: E2E Test Ticket
2026-05-24 17:56:18.635 +03:00 [INF] Executed DbCommand (2ms) [Parameters=[], CommandType='"Text"', CommandTimeout='30']
SELECT "t"."Id", "t"."CategoryId", "t"."CreatedAt", "t"."SlaDeadline", "t"."Solution", "t"."Status", "t"."Title"
FROM "Tickets" AS "t"
2026-05-24 17:56:18.651 +03:00 [INF] Executing OkObjectResult, writing value of type 'System.Collections.Generic.List`1[[Ticket, Helpdesk, Version=1.0.0.0, Culture=neutral, PublicKeyToken=null]]'.
2026-05-24 17:56:18.676 +03:00 [INF] Executed action TicketsController.GetAll (Helpdesk) in 255.6096ms
2026-05-24 17:56:18.677 +03:00 [INF] Executed endpoint 'TicketsController.GetAll (Helpdesk)'
2026-05-24 17:56:18.681 +03:00 [INF] Request finished HTTP/1.1 GET http://localhost:5233/api/tickets - 200 null application/json; charset=utf-8 295.2613ms
2026-05-24 17:56:18.711 +03:00 [INF] Executed DbCommand (4ms) [Parameters=[@p0='?' (DbType = Int32), @p1='?' (DbType = DateTime), @p2='?' (DbType = DateTime), @p3='?' (Size = 12), @p4='?' (Size = 6), @p5='?' (Size = 15)], CommandType='"Text"', CommandTimeout='30']
INSERT INTO "Tickets" ("CategoryId", "CreatedAt", "SlaDeadline", "Solution", "Status", "Title")
VALUES (@p0, @p1, @p2, @p3, @p4, @p5)
RETURNING "Id";
2026-05-24 17:56:18.734 +03:00 [INF] Ticket 7 created
2026-05-24 17:56:18.735 +03:00 [INF] Executing OkObjectResult, writing value of type 'Ticket'.
2026-05-24 17:56:18.736 +03:00 [INF] Executed action TicketsController.Create (Helpdesk) in 221.4138ms
2026-05-24 17:56:18.737 +03:00 [INF] Executed endpoint 'TicketsController.Create (Helpdesk)'
2026-05-24 17:56:18.738 +03:00 [INF] Request finished HTTP/1.1 POST http://localhost:5233/api/tickets?title=E2E%20Test%20Ticket&categoryId=1&solutionText=E2E%20Solution - 200 null application/json; charset=utf-8 243.2807ms
2026-05-24 17:56:18.740 +03:00 [INF] Request starting HTTP/1.1 GET http://localhost:5233/api/tickets - null null
2026-05-24 17:56:18.742 +03:00 [INF] Executing endpoint 'TicketsController.GetAll (Helpdesk)'
2026-05-24 17:56:18.742 +03:00 [INF] Route matched with {action = "GetAll", controller = "Tickets"}. Executing controller action with signature System.Threading.Tasks.Task`1[Microsoft.AspNetCore.Mvc.IActionResult] GetAll() on controller TicketsController (Helpdesk).
2026-05-24 17:56:18.744 +03:00 [INF] Fetching all tickets
2026-05-24 17:56:18.745 +03:00 [INF] Executed DbCommand (0ms) [Parameters=[], CommandType='"Text"', CommandTimeout='30']
SELECT "t"."Id", "t"."CategoryId", "t"."CreatedAt", "t"."SlaDeadline", "t"."Solution", "t"."Status", "t"."Title"
FROM "Tickets" AS "t"
2026-05-24 17:56:18.747 +03:00 [INF] Executing OkObjectResult, writing value of type 'System.Collections.Generic.List`1[[Ticket, Helpdesk, Version=1.0.0.0, Culture=neutral, PublicKeyToken=null]]'.
2026-05-24 17:56:18.747 +03:00 [INF] Executed action TicketsController.GetAll (Helpdesk) in 4.0667ms
2026-05-24 17:56:18.748 +03:00 [INF] Executed endpoint 'TicketsController.GetAll (Helpdesk)'
2026-05-24 17:56:18.749 +03:00 [INF] Request finished HTTP/1.1 GET http://localhost:5233/api/tickets - 200 null application/json; charset=utf-8 9.094ms
2026-05-24 17:57:02.728 +03:00 [INF] Request starting HTTP/1.1 GET http://localhost:5233/index.html - null null
2026-05-24 17:57:02.733 +03:00 [INF] Sending file. Request path: '/index.html'. Physical path: 'C:\Users\fahre\OneDrive\Рабочий стол\HelpdeskApp\Helpdesk\wwwroot\index.html'
2026-05-24 17:57:02.735 +03:00 [INF] Request finished HTTP/1.1 GET http://localhost:5233/index.html - 200 9943 text/html 7.0032ms
2026-05-24 17:57:03.064 +03:00 [INF] Request starting HTTP/1.1 GET http://localhost:5233/api/tickets - null null
2026-05-24 17:57:03.065 +03:00 [INF] Executing endpoint 'TicketsController.GetAll (Helpdesk)'
2026-05-24 17:57:03.066 +03:00 [INF] Route matched with {action = "GetAll", controller = "Tickets"}. Executing controller action with signature System.Threading.Tasks.Task`1[Microsoft.AspNetCore.Mvc.IActionResult] GetAll() on controller TicketsController (Helpdesk).
2026-05-24 17:57:03.067 +03:00 [INF] Fetching all tickets
2026-05-24 17:57:03.068 +03:00 [INF] Executed DbCommand (0ms) [Parameters=[], CommandType='"Text"', CommandTimeout='30']
SELECT "t"."Id", "t"."CategoryId", "t"."CreatedAt", "t"."SlaDeadline", "t"."Solution", "t"."Status", "t"."Title"
FROM "Tickets" AS "t"
2026-05-24 17:57:03.070 +03:00 [INF] Executing OkObjectResult, writing value of type 'System.Collections.Generic.List`1[[Ticket, Helpdesk, Version=1.0.0.0, Culture=neutral, PublicKeyToken=null]]'.
2026-05-24 17:57:03.071 +03:00 [INF] Executed action TicketsController.GetAll (Helpdesk) in 4.3701ms
2026-05-24 17:57:03.072 +03:00 [INF] Executed endpoint 'TicketsController.GetAll (Helpdesk)'
2026-05-24 17:57:03.072 +03:00 [INF] Request finished HTTP/1.1 GET http://localhost:5233/api/tickets - 200 null application/json; charset=utf-8 8.4262ms
2026-05-24 17:57:03.207 +03:00 [INF] Request starting HTTP/1.1 POST http://localhost:5233/api/tickets?title=E2E%20Test%20Ticket&categoryId=1&solutionText=E2E%20Solution - null 0
2026-05-24 17:57:03.208 +03:00 [INF] Executing endpoint 'TicketsController.Create (Helpdesk)'
2026-05-24 17:57:03.209 +03:00 [INF] Route matched with {action = "Create", controller = "Tickets"}. Executing controller action with signature System.Threading.Tasks.Task`1[Microsoft.AspNetCore.Mvc.IActionResult] Create(System.String, Int32, System.String) on controller TicketsController (Helpdesk).
2026-05-24 17:57:03.210 +03:00 [INF] Creating ticket: E2E Test Ticket
2026-05-24 17:57:03.213 +03:00 [INF] Executed DbCommand (1ms) [Parameters=[@p0='?' (DbType = Int32), @p1='?' (DbType = DateTime), @p2='?' (DbType = DateTime), @p3='?' (Size = 12), @p4='?' (Size = 6), @p5='?' (Size = 15)], CommandType='"Text"', CommandTimeout='30']
INSERT INTO "Tickets" ("CategoryId", "CreatedAt", "SlaDeadline", "Solution", "Status", "Title")
VALUES (@p0, @p1, @p2, @p3, @p4, @p5)
RETURNING "Id";
2026-05-24 17:57:03.220 +03:00 [INF] Ticket 8 created
2026-05-24 17:57:03.221 +03:00 [INF] Executing OkObjectResult, writing value of type 'Ticket'.
2026-05-24 17:57:03.222 +03:00 [INF] Executed action TicketsController.Create (Helpdesk) in 12.0647ms
2026-05-24 17:57:03.223 +03:00 [INF] Executed endpoint 'TicketsController.Create (Helpdesk)'
2026-05-24 17:57:03.223 +03:00 [INF] Request finished HTTP/1.1 POST http://localhost:5233/api/tickets?title=E2E%20Test%20Ticket&categoryId=1&solutionText=E2E%20Solution - 200 null application/json; charset=utf-8 16.7357ms
2026-05-24 17:57:03.225 +03:00 [INF] Request starting HTTP/1.1 GET http://localhost:5233/api/tickets - null null
2026-05-24 17:57:03.226 +03:00 [INF] Executing endpoint 'TicketsController.GetAll (Helpdesk)'
2026-05-24 17:57:03.227 +03:00 [INF] Route matched with {action = "GetAll", controller = "Tickets"}. Executing controller action with signature System.Threading.Tasks.Task`1[Microsoft.AspNetCore.Mvc.IActionResult] GetAll() on controller TicketsController (Helpdesk).
2026-05-24 17:57:03.228 +03:00 [INF] Fetching all tickets
2026-05-24 17:57:03.229 +03:00 [INF] Executed DbCommand (0ms) [Parameters=[], CommandType='"Text"', CommandTimeout='30']
SELECT "t"."Id", "t"."CategoryId", "t"."CreatedAt", "t"."SlaDeadline", "t"."Solution", "t"."Status", "t"."Title"
FROM "Tickets" AS "t"
2026-05-24 17:57:03.230 +03:00 [INF] Executing OkObjectResult, writing value of type 'System.Collections.Generic.List`1[[Ticket, Helpdesk, Version=1.0.0.0, Culture=neutral, PublicKeyToken=null]]'.
2026-05-24 17:57:03.231 +03:00 [INF] Executed action TicketsController.GetAll (Helpdesk) in 3.4066ms
2026-05-24 17:57:03.232 +03:00 [INF] Executed endpoint 'TicketsController.GetAll (Helpdesk)'
2026-05-24 17:57:03.232 +03:00 [INF] Request finished HTTP/1.1 GET http://localhost:5233/api/tickets - 200 null application/json; charset=utf-8 7.1383ms
